<http://www.example.com/>hyperlink example
Some text
List:
1. first
2. second
3. third
Other list:
1. one
2. two
1. three
Table:
11	12	13	14
21	22	23	24
31	32	33	34
41	42	43	44
Table with hyperlinks:
<http://www.first.com/>first	<http://www.second.com/>second
<http://www.third.com/>third	<http://www.fourth.com/>fourth
Table with lists:
first
1. one
2. two
3. three	second
1. one
2. two
3. three	third
1. one
2. two
3. three
fourth
1. one
2. two
3. three	fiveth
1. one
2. two
3. three	sixth
1. one
2. two
seventh	eighth	nineth
1. one
2. two
3. three
4. four
<mailto:email@example.com>email example

